HI-TECH Software C Compiler 

Linker command line:

--edf=C:\Program Files (x86)\HI-TECH Software\PICC\9.83\dat\en_msgs.txt -cs \
  -h+dist/default/production\L210004_JCT.X.production.sym -z -Q16F1933 \
  -ol.obj -Mdist/default/production/L210004_JCT.X.production.map -E1 \
  -ACONST=00h-0FFhx16 -ACODE=00h-07FFhx2 -ASTRCODE=00h-0FFFh \
  -AENTRY=00h-0FFhx16 -ASTRING=00h-0FFhx16 -ABANK0=020h-06Fh \
  -ABANK1=0A0h-0EFh -ABANK2=0120h-016Fh -ABIGRAM=02000h-020EFh \
  -ARAM=020h-06Fh,0A0h-0EFh,0120h-016Fh \
  -AABS1=020h-07Fh,0A0h-0EFh,0120h-016Fh -ACOMMON=070h-07Fh -ASFR0=00h-01Fh \
  -ASFR1=080h-09Fh -ASFR2=0100h-011Fh -ASFR3=0180h-01EFh -ASFR4=0200h-026Fh \
  -ASFR5=0280h-02EFh -ASFR6=0300h-036Fh -ASFR7=0380h-03EFh \
  -ASFR8=0400h-046Fh -ASFR9=0480h-04EFh -ASFR10=0500h-056Fh \
  -ASFR11=0580h-05EFh -ASFR12=0600h-066Fh -ASFR13=0680h-06EFh \
  -ASFR14=0700h-076Fh -ASFR15=0780h-07EFh -ASFR16=0800h-086Fh \
  -ASFR17=0880h-08EFh -ASFR18=0900h-096Fh -ASFR19=0980h-09EFh \
  -ASFR20=0A00h-0A6Fh -ASFR21=0A80h-0AEFh -ASFR22=0B00h-0B6Fh \
  -ASFR23=0B80h-0BEFh -ASFR24=0C00h-0C6Fh -ASFR25=0C80h-0CEFh \
  -ASFR26=0D00h-0D6Fh -ASFR27=0D80h-0DEFh -ASFR28=0E00h-0E6Fh \
  -ASFR29=0E80h-0EEFh -ASFR30=0F00h-0F6Fh -ASFR31=0F80h-0FEFh \
  -preset_vec=00h,intentry=04h,init,end_init -ppowerup=CODE -pfunctab=CODE \
  -ACONFIG=08007h-08008h -pconfig=CONFIG -DCONFIG=2 -AIDLOC=08000h-08003h \
  -pidloc=IDLOC -DIDLOC=2 -AEEDATA=00h-0FFh/0F000h -peeprom_data=EEDATA \
  -DEEDATA=2 -DCODE=2 -DSTRCODE=2 -DSTRING=2 -DCONST=2 -DENTRY=2 -k \
  C:\Users\dklepps\AppData\Local\Temp\sqds.obj \
  dist/default/production\L210004_JCT.X.production.obj 

Object code version is 3.10

Machine type is 16F1933



                Name                               Link     Load   Length Selector   Space Scale
C:\Users\dklepps\AppData\Local\Temp\sqds.obj
                end_init                             C4       C4        3        8       0
                reset_vec                             0        0        2        0       0
dist/default/production\L210004_JCT.X.production.obj
                intentry                              4        4       C0        8       0
                config                             8007     8007        2    1000E       0
                text447                             BFB      BFB      1CB     17F6       0
                text446                              C7       C7      308        8       0
                text445                             DC6      DC6      23A     1B8C       0
                text444                             667      667        B        8       0
                text443                             659      659        E        8       0
                cstackBANK0                          44       44        A       20       1
                cstackCOMMON                         72       72        2       70       1
                clrtext                             672      672        6        8       0
                dataBANK0                            4E       4E        9       20       1
                bssBANK0                             20       20       24       20       1
                bssCOMMON                            70       70        2       70       1
                cinit                               3CF      3CF      28A        8       0

TOTAL           Name                               Link     Load   Length     Space
        CLASS   CONST          

        CLASS   CODE           
                end_init                             C4       C4        3         0
                intentry                              4        4       C0         0
                reset_vec                             0        0        2         0
                text447                             BFB      BFB      1CB         0
                text446                              C7       C7      308         0
                text445                             DC6      DC6      23A         0
                text444                             667      667        B         0
                text443                             659      659        E         0
                clrtext                             672      672        6         0
                cinit                               3CF      3CF      28A         0

        CLASS   STRCODE        

        CLASS   ENTRY          

        CLASS   STRING         

        CLASS   BANK0          
                cstackBANK0                          44       44        A         1
                dataBANK0                            4E       4E        9         1
                bssBANK0                             20       20       24         1

        CLASS   BANK1          

        CLASS   BANK2          

        CLASS   BIGRAM         

        CLASS   RAM            

        CLASS   ABS1           
                abs_s1                               7E       7E        2         1

        CLASS   COMMON         
                cstackCOMMON                         72       72        2         1
                bssCOMMON                            70       70        2         1

        CLASS   SFR0           

        CLASS   SFR1           

        CLASS   SFR2           

        CLASS   SFR3           

        CLASS   SFR4           

        CLASS   SFR5           

        CLASS   SFR6           

        CLASS   SFR7           

        CLASS   SFR8           

        CLASS   SFR9           

        CLASS   SFR10          

        CLASS   SFR11          

        CLASS   SFR12          

        CLASS   SFR13          

        CLASS   SFR14          

        CLASS   SFR15          

        CLASS   SFR16          

        CLASS   SFR17          

        CLASS   SFR18          

        CLASS   SFR19          

        CLASS   SFR20          

        CLASS   SFR21          

        CLASS   SFR22          

        CLASS   SFR23          

        CLASS   SFR24          

        CLASS   SFR25          

        CLASS   SFR26          

        CLASS   SFR27          

        CLASS   SFR28          

        CLASS   SFR29          

        CLASS   SFR30          

        CLASS   SFR31          

        CLASS   CONFIG         
                config                             8007     8007        2         0

        CLASS   IDLOC          

        CLASS   EEDATA         

        CLASS   BANK31         

        CLASS   BANK30         

        CLASS   BANK29         

        CLASS   BANK28         

        CLASS   BANK27         

        CLASS   BANK26         

        CLASS   BANK25         

        CLASS   BANK24         

        CLASS   BANK23         

        CLASS   BANK22         

        CLASS   BANK21         

        CLASS   BANK20         

        CLASS   BANK19         

        CLASS   BANK18         

        CLASS   BANK17         

        CLASS   BANK16         

        CLASS   BANK15         

        CLASS   BANK14         

        CLASS   BANK13         

        CLASS   BANK12         

        CLASS   BANK11         

        CLASS   BANK10         

        CLASS   BANK9          

        CLASS   BANK8          

        CLASS   BANK7          

        CLASS   BANK6          

        CLASS   BANK5          

        CLASS   BANK4          

        CLASS   BANK3          



SEGMENTS        Name                           Load    Length   Top    Selector   Space  Class     Delta

                reset_vec                      000000  000002  000002         0       0  CODE        2
                intentry                       000004  000674  000678         8       0  CODE        2
                bssBANK0                       000020  000037  000057        20       1  BANK0       1
                bssCOMMON                      000070  000004  000074        70       1  COMMON      1
                text447                        000BFB  0001CB  000DC6      17F6       0  CODE        2
                text445                        000DC6  00023A  001000      1B8C       0  CODE        2
                config                         008007  000002  008009     1000E       0  CONFIG      2


UNUSED ADDRESS RANGES

        Name                Unused          Largest block    Delta
        BANK0            00057-0006F              19           1
        BANK1            000A0-000EF              50           1
        BANK2            00120-0016F              50           1
        BIGRAM           02000-020EF              F0           1
        CODE             00002-00003               2           2
                         00678-00BFA             188
        COMMON           00074-0007D               A           1
        CONST            00002-00003               2           2
                         00678-00BFA             100
        EEDATA           0F000-0F0FF             100           2
        ENTRY            00002-00003               2           2
                         00678-00BFA             100
        IDLOC            08000-08003               4           2
        RAM              00057-0006F              19           1
                         000A0-000EF              50
                         00120-0016F              50
        SFR0             00000-0001F              20           1
        SFR1             00080-0009F              20           1
        SFR10            00500-0056F              70           1
        SFR11            00580-005EF              70           1
        SFR12            00600-0066F              70           1
        SFR13            00680-006EF              70           1
        SFR14            00700-0076F              70           1
        SFR15            00780-007EF              70           1
        SFR16            00800-0086F              70           1
        SFR17            00880-008EF              70           1
        SFR18            00900-0096F              70           1
        SFR19            00980-009EF              70           1
        SFR2             00100-0011F              20           1
        SFR20            00A00-00A6F              70           1
        SFR21            00A80-00AEF              70           1
        SFR22            00B00-00B6F              70           1
        SFR23            00B80-00BEF              70           1
        SFR24            00C00-00C6F              70           1
        SFR25            00C80-00CEF              70           1
        SFR26            00D00-00D6F              70           1
        SFR27            00D80-00DEF              70           1
        SFR28            00E00-00E6F              70           1
        SFR29            00E80-00EEF              70           1
        SFR3             00180-001EF              70           1
        SFR30            00F00-00F6F              70           1
        SFR31            00F80-00FEF              70           1
        SFR4             00200-0026F              70           1
        SFR5             00280-002EF              70           1
        SFR6             00300-0036F              70           1
        SFR7             00380-003EF              70           1
        SFR8             00400-0046F              70           1
        SFR9             00480-004EF              70           1
        STRCODE          00002-00003               2           2
                         00678-00BFA             583
        STRING           00002-00003               2           2
                         00678-00BFA             100

                                  Symbol Table

??_alternate                  cstackCOMMON 00072
??_getch                      cstackCOMMON 00073
??_isr                        cstackCOMMON 00072
??_jct_massage_off            cstackCOMMON 00073
??_jct_massage_on             cstackCOMMON 00073
??_jct_massage_reset          cstackCOMMON 00073
??_main                       cstackCOMMON 00074
??_pulse                      cstackCOMMON 00072
??_putch                      cstackCOMMON 00073
??_wave                       cstackCOMMON 00072
??i1_jct_massage_off          cstackCOMMON 00072
??i1_jct_massage_reset        cstackCOMMON 00072
?_alternate                   cstackCOMMON 00072
?_getch                       cstackCOMMON 00072
?_isr                         cstackCOMMON 00072
?_jct_massage_off             cstackCOMMON 00072
?_jct_massage_on              cstackCOMMON 00072
?_jct_massage_reset           cstackCOMMON 00072
?_main                        cstackCOMMON 00072
?_pulse                       cstackCOMMON 00072
?_putch                       cstackCOMMON 00072
?_wave                        cstackCOMMON 00072
?i1_jct_massage_off           cstackCOMMON 00072
?i1_jct_massage_reset         cstackCOMMON 00072
_ANSELA                       (abs)        0018C
_ANSELB                       (abs)        0018D
_BAUDCON                      (abs)        0019F
_CREN                         (abs)        00CEC
_FERR                         (abs)        00CEA
_GIE                          (abs)        0005F
_INTCON                       (abs)        0000B
_LATA                         (abs)        0010C
_LATA0                        (abs)        00860
_LATA1                        (abs)        00861
_LATA2                        (abs)        00862
_LATA3                        (abs)        00863
_LATA4                        (abs)        00864
_LATA5                        (abs)        00865
_LATA7                        (abs)        00867
_LATB                         (abs)        0010D
_LATB1                        (abs)        00869
_LATB2                        (abs)        0086A
_LATB3                        (abs)        0086B
_LATB4                        (abs)        0086C
_LATC                         (abs)        0010E
_OERR                         (abs)        00CE9
_OPTION_REG                   (abs)        00095
_OSCCON                       (abs)        00099
_RCIF                         (abs)        0008D
_RCREG                        (abs)        00199
_RCSTA                        (abs)        0019D
_SPBRG                        (abs)        0019B
_SPBRGH                       (abs)        0019C
_SPBRGL                       (abs)        0019B
_SPEN                         (abs)        00CEF
_TMR0IE                       (abs)        0005D
_TMR0IF                       (abs)        0005A
_TRISA                        (abs)        0008C
_TRISB                        (abs)        0008D
_TRISC                        (abs)        0008E
_TRISC6                       (abs)        00476
_TRISC7                       (abs)        00477
_TXIF                         (abs)        0008C
_TXREG                        (abs)        0019A
_TXSTA                        (abs)        0019E
_TimerReload                  bssBANK0     0002A
_WPUB                         (abs)        0020D
__Habs1                       abs1         00000
__Hbank0                      bank0        00000
__Hbank1                      bank1        00000
__Hbank10                     bank10       00000
__Hbank11                     bank11       00000
__Hbank12                     bank12       00000
__Hbank13                     bank13       00000
__Hbank14                     bank14       00000
__Hbank15                     bank15       00000
__Hbank16                     bank16       00000
__Hbank17                     bank17       00000
__Hbank18                     bank18       00000
__Hbank19                     bank19       00000
__Hbank2                      bank2        00000
__Hbank20                     bank20       00000
__Hbank21                     bank21       00000
__Hbank22                     bank22       00000
__Hbank23                     bank23       00000
__Hbank24                     bank24       00000
__Hbank25                     bank25       00000
__Hbank26                     bank26       00000
__Hbank27                     bank27       00000
__Hbank28                     bank28       00000
__Hbank29                     bank29       00000
__Hbank3                      bank3        00000
__Hbank30                     bank30       00000
__Hbank31                     bank31       00000
__Hbank4                      bank4        00000
__Hbank5                      bank5        00000
__Hbank6                      bank6        00000
__Hbank7                      bank7        00000
__Hbank8                      bank8        00000
__Hbank9                      bank9        00000
__Hbigram                     bigram       00000
__HbssBANK0                   bssBANK0     00000
__HbssCOMMON                  bssCOMMON    00000
__Hcinit                      cinit        00000
__Hclrtext                    clrtext      00000
__Hcode                       code         00000
__Hcommon                     common       00000
__Hconfig                     config       08009
__HcstackBANK0                cstackBANK0  00000
__HcstackCOMMON               cstackCOMMON 00000
__HdataBANK0                  dataBANK0    00000
__Heeprom_data                eeprom_data  00000
__Hend_init                   end_init     000C7
__Hfunctab                    functab      00000
__HidataBANK0                 idataBANK0   00000
__Hidloc                      idloc        00000
__Hinit                       init         000C4
__Hintentry                   intentry     000C4
__Hmaintext                   maintext     00000
__Hpa_nodes                   pa_nodes     00000
__Hpowerup                    powerup      00000
__Hram                        ram          00000
__Hreset_vec                  reset_vec    00002
__Hsfr0                       sfr0         00000
__Hsfr1                       sfr1         00000
__Hsfr10                      sfr10        00000
__Hsfr11                      sfr11        00000
__Hsfr12                      sfr12        00000
__Hsfr13                      sfr13        00000
__Hsfr14                      sfr14        00000
__Hsfr15                      sfr15        00000
__Hsfr16                      sfr16        00000
__Hsfr17                      sfr17        00000
__Hsfr18                      sfr18        00000
__Hsfr19                      sfr19        00000
__Hsfr2                       sfr2         00000
__Hsfr20                      sfr20        00000
__Hsfr21                      sfr21        00000
__Hsfr22                      sfr22        00000
__Hsfr23                      sfr23        00000
__Hsfr24                      sfr24        00000
__Hsfr25                      sfr25        00000
__Hsfr26                      sfr26        00000
__Hsfr27                      sfr27        00000
__Hsfr28                      sfr28        00000
__Hsfr29                      sfr29        00000
__Hsfr3                       sfr3         00000
__Hsfr30                      sfr30        00000
__Hsfr31                      sfr31        00000
__Hsfr4                       sfr4         00000
__Hsfr5                       sfr5         00000
__Hsfr6                       sfr6         00000
__Hsfr7                       sfr7         00000
__Hsfr8                       sfr8         00000
__Hsfr9                       sfr9         00000
__Hstrings                    strings      00000
__Htext                       text         00000
__Labs1                       abs1         00000
__Lbank0                      bank0        00000
__Lbank1                      bank1        00000
__Lbank10                     bank10       00000
__Lbank11                     bank11       00000
__Lbank12                     bank12       00000
__Lbank13                     bank13       00000
__Lbank14                     bank14       00000
__Lbank15                     bank15       00000
__Lbank16                     bank16       00000
__Lbank17                     bank17       00000
__Lbank18                     bank18       00000
__Lbank19                     bank19       00000
__Lbank2                      bank2        00000
__Lbank20                     bank20       00000
__Lbank21                     bank21       00000
__Lbank22                     bank22       00000
__Lbank23                     bank23       00000
__Lbank24                     bank24       00000
__Lbank25                     bank25       00000
__Lbank26                     bank26       00000
__Lbank27                     bank27       00000
__Lbank28                     bank28       00000
__Lbank29                     bank29       00000
__Lbank3                      bank3        00000
__Lbank30                     bank30       00000
__Lbank31                     bank31       00000
__Lbank4                      bank4        00000
__Lbank5                      bank5        00000
__Lbank6                      bank6        00000
__Lbank7                      bank7        00000
__Lbank8                      bank8        00000
__Lbank9                      bank9        00000
__Lbigram                     bigram       00000
__LbssBANK0                   bssBANK0     00000
__LbssCOMMON                  bssCOMMON    00000
__Lcinit                      cinit        00000
__Lclrtext                    clrtext      00000
__Lcode                       code         00000
__Lcommon                     common       00000
__Lconfig                     config       08007
__LcstackBANK0                cstackBANK0  00000
__LcstackCOMMON               cstackCOMMON 00000
__LdataBANK0                  dataBANK0    00000
__Leeprom_data                eeprom_data  00000
__Lend_init                   end_init     000C4
__Lfunctab                    functab      00000
__LidataBANK0                 idataBANK0   00000
__Lidloc                      idloc        00000
__Linit                       init         000C4
__Lintentry                   intentry     00004
__Lmaintext                   maintext     00000
__Lpa_nodes                   pa_nodes     00000
__Lpowerup                    powerup      00000
__Lram                        ram          00000
__Lreset_vec                  reset_vec    00000
__Lsfr0                       sfr0         00000
__Lsfr1                       sfr1         00000
__Lsfr10                      sfr10        00000
__Lsfr11                      sfr11        00000
__Lsfr12                      sfr12        00000
__Lsfr13                      sfr13        00000
__Lsfr14                      sfr14        00000
__Lsfr15                      sfr15        00000
__Lsfr16                      sfr16        00000
__Lsfr17                      sfr17        00000
__Lsfr18                      sfr18        00000
__Lsfr19                      sfr19        00000
__Lsfr2                       sfr2         00000
__Lsfr20                      sfr20        00000
__Lsfr21                      sfr21        00000
__Lsfr22                      sfr22        00000
__Lsfr23                      sfr23        00000
__Lsfr24                      sfr24        00000
__Lsfr25                      sfr25        00000
__Lsfr26                      sfr26        00000
__Lsfr27                      sfr27        00000
__Lsfr28                      sfr28        00000
__Lsfr29                      sfr29        00000
__Lsfr3                       sfr3         00000
__Lsfr30                      sfr30        00000
__Lsfr31                      sfr31        00000
__Lsfr4                       sfr4         00000
__Lsfr5                       sfr5         00000
__Lsfr6                       sfr6         00000
__Lsfr7                       sfr7         00000
__Lsfr8                       sfr8         00000
__Lsfr9                       sfr9         00000
__Lstrings                    strings      00000
__Ltext                       text         00000
__S0                          (abs)        08009
__S1                          (abs)        00074
__S2                          (abs)        00000
__end_of_alternate            text447      00DB7
__end_of_getch                cinit        0060B
__end_of_isr                  intentry     000C4
__end_of_jct_massage_off      cinit        00616
__end_of_jct_massage_on       cinit        0063C
__end_of_jct_massage_reset    cinit        00624
__end_of_main                 cinit        00605
__end_of_pulse                text445      00FEB
__end_of_putch                cinit        0062B
__end_of_wave                 text446      003C0
__end_ofi1_jct_massage_off    text444      00672
__end_ofi1_jct_massage_reset  text443      00667
__pbssBANK0                   bssBANK0     00020
__pbssCOMMON                  bssCOMMON    00070
__pcstackBANK0                cstackBANK0  00044
__pcstackCOMMON               cstackCOMMON 00072
__pdataBANK0                  dataBANK0    0004E
__pidataBANK0                 idataBANK0   00000
__pintentry                   intentry     00004
__pmaintext                   cinit        003E6
__ptext437                    cinit        00616
__ptext438                    cinit        0060B
__ptext439                    cinit        0062B
__ptext440                    cinit        00605
__ptext441                    cinit        00624
__ptext443                    text443      00659
__ptext444                    text444      00667
__ptext445                    text445      00DC6
__ptext446                    text446      000C7
__ptext447                    text447      00BFB
__ptext448                    text448      00000
__size_of_alternate           (abs)        00000
__size_of_getch               (abs)        00000
__size_of_isr                 (abs)        00000
__size_of_jct_massage_off     (abs)        00000
__size_of_jct_massage_on      (abs)        00000
__size_of_jct_massage_reset   (abs)        00000
__size_of_main                (abs)        00000
__size_of_pulse               (abs)        00000
__size_of_putch               (abs)        00000
__size_of_wave                (abs)        00000
__size_ofi1_jct_massage_off   (abs)        00000
__size_ofi1_jct_massage_reset (abs)        00000
_a_count                      bssBANK0     0002C
_alt_en                       dataBANK0    00052
_alternate                    text447      00BFB
_comm_timeout                 bssBANK0     0002E
_exit                         init         000C4
_getch                        cinit        00605
_heat_en                      bssBANK0     0003A
_heat_reset                   bssBANK0     0003B
_heat_timeout                 bssBANK0     00030
_isr                          intentry     00004
_jct_massage_off              cinit        0060B
_jct_massage_on               cinit        0062B
_jct_massage_reset            cinit        00616
_last_rc                      bssBANK0     00020
_m_flag                       bssBANK0     0003C
_main                         cinit        003E6
_massage_timeout              bssBANK0     00032
_p_count                      bssBANK0     00034
_power                        bssBANK0     0003D
_pul_en                       bssBANK0     0003E
_pulse                        text445      00DC6
_putch                        cinit        00624
_pwm_count                    bssBANK0     00036
_rc                           bssBANK0     0003F
_rc_error                     bssBANK0     00040
_time_out                     dataBANK0    0004E
_timer                        bssBANK0     00041
_tx_char                      bssBANK0     00025
_vent_c                       dataBANK0    00050
_vent_t                       bssBANK0     00042
_w_count                      bssCOMMON    00070
_wav_en                       bssBANK0     00043
_wave                         text446      000C7
_z_count                      bssBANK0     00038
_zone0_en                     dataBANK0    00053
_zone1_en                     dataBANK0    00054
_zone2_en                     dataBANK0    00055
_zone3_en                     dataBANK0    00056
btemp                         (abs)        0007E
clear_ram                     clrtext      00672
end_of_initialization         cinit        003E4
i1_jct_massage_off            text444      00667
i1_jct_massage_reset          text443      00659
i1l2489                                         
i1l2492                                         
i1l6741                                         
i1l6745                                         
i1l6751                                         
i1l6755                                         
i1l6757                                         
i1l6759                                         
i1l6765                                         
i1l6771                                         
i1l6775                                         
i1l6777                                         
i1l6779                                         
i1l6785                                         
i1l6793                                         
i1l6797                                         
i1l6801                                         
i1l6811                                         
i1l6817                                         
i1l6821                                         
i1l6825                                         
i1l6829                                         
i1l6831                                         
i1l6835                                         
i1l6837                                         
i1l6839                                         
i1l6841                                         
i1l6857                                         
i1l6859                                         
i1l6861                                         
i1l6879                                         
i1l6881                                         
i1l6883                                         
i1l6901                                         
i1l6903                                         
i1l6905                                         
i1l6923                                         
i1l6925                                         
i1l6927                                         
i1l6945                                         
i1l6947                                         
i1l6967                                         
i1l6969                                         
i1l6989                                         
i1l6991                                         
i1l7011                                         
i1l7013                                         
i1l7033                                         
i1l7035                                         
i1l7055                                         
i1l7057                                         
i1l7077                                         
i1l7099                                         
i1l7121                                         
i1l7143                                         
i1l7163                                         
i1l7165                                         
i1l7169                                         
i1l7193                                         
i1l7217                                         
i1l7241                                         
i1l7257                                         
i1l7259                                         
i1l7291                                         
i1l7295                                         
i1l7325                                         
i1l7331                                         
i1l7361                                         
i1l7363                                         
i1l7395                                         
i1l7399                                         
i1l7431                                         
i1l7433                                         
i1l7461                                         
i1l7463                                         
i1l7465                                         
i1l7507                                         
i1l7509                                         
i1l7513                                         
i1l7553                                         
i1l7557                                         
i1l7559                                         
i1l7601                                         
i1l7603                                         
i1l7605                                         
i1l7645                                         
i1l7647                                         
i1l7649                                         
i1l7651                                         
i1l7701                                         
i1l7703                                         
i1l7707                                         
i1l7729                                         
i1l7737                                         
i1l7767                                         
i1l7797                                         
i1l7819                                         
i1l7821                                         
i1l7865                                         
i1l7869                                         
i1l7911                                         
i1l7917                                         
i1l7959                                         
i1l7961                                         
i1l8005                                         
i1l8009                                         
i1l8053                                         
i1l8055                                         
i1l8095                                         
i1l8097                                         
i1l8099                                         
i1l8159                                         
i1l8161                                         
i1l8165                                         
i1l8223                                         
i1l8227                                         
i1l8229                                         
i1l8289                                         
i1l8291                                         
i1l8293                                         
i1l8351                                         
i1l8353                                         
i1l8355                                         
i1l8357                                         
i1l8431                                         
i1l8433                                         
i1l8435                                         
i1l8437                                         
i1l8439                                         
i1l8441                                         
i1l8443                                         
i1l8445                                         
i1l8447                                         
intlevel0                     functab      00000
intlevel1                     functab      00000
intlevel2                     functab      00000
intlevel3                     functab      00000
intlevel4                     functab      00000
intlevel5                     functab      00000
l1884                                           
l1890                                           
l2486                                           
l2489                                           
l2492                                           
l8865                                           
l8869                                           
l8875                                           
l8877                                           
l8879                                           
l8881                                           
l8883                                           
l8885                                           
l8887                                           
l8889                                           
l8891                                           
l8893                                           
l8895                                           
l8897                                           
l8899                                           
l8901                                           
l8903                                           
l8905                                           
l8907                                           
l8909                                           
l8911                                           
l8913                                           
l8915                                           
l8917                                           
l8919                                           
l8921                                           
l8923                                           
l8925                                           
l8927                                           
l8933                                           
l8935                                           
l8939                                           
l8941                                           
l8943                                           
l8953                                           
l8955                                           
l8967                                           
l8983                                           
l8985                                           
l8987                                           
l8991                                           
l9001                                           
l9007                                           
l9009                                           
l9019                                           
l9021                                           
l9023                                           
l9025                                           
l9029                                           
l9037                                           
l9039                                           
l9041                                           
l9047                                           
l9049                                           
l9055                                           
l9057                                           
l9059                                           
l9065                                           
l9067                                           
l9069                                           
l9075                                           
l9083                                           
l9085                                           
l9087                                           
l9101                                           
l9103                                           
l9105                                           
l9111                                           
l9113                                           
l9115                                           
l9129                                           
l9131                                           
l9133                                           
l9147                                           
l9149                                           
l9151                                           
l9161                                           
l9163                                           
l9165                                           
l9167                                           
l9169                                           
l9171                                           
l9173                                           
l9175                                           
l9177                                           
l9179                                           
l9181                                           
l9191                                           
l9193                                           
l9195                                           
l9197                                           
l9199                                           
l9201                                           
l9203                                           
l9205                                           
l9207                                           
l9209                                           
l9211                                           
l9213                                           
l9219                                           
l9221                                           
l9223                                           
l9225                                           
l9227                                           
l9229                                           
l9231                                           
l9233                                           
l9235                                           
l9237                                           
l9239                                           
l9245                                           
l9249                                           
l9255                                           
l9259                                           
l9265                                           
l9269                                           
l9275                                           
l9279                                           
l9285                                           
l9287                                           
l9293                                           
l9295                                           
l9301                                           
l9303                                           
l9309                                           
l9313                                           
main@c                        cstackBANK0  0004B
main@echo                     cstackBANK0  00044
main@i                        cstackBANK0  00047
main@i_3031                   cstackBANK0  0004C
main@i_3032                   cstackBANK0  00049
main@q                        cstackBANK0  00045
putch@byte                    cstackCOMMON 00073
reset_vec                     reset_vec    00000
start                         init         000C4
start_initialization          cinit        003CF
wtemp0                        (abs)        0007E
